digraph Quiver {
  1 [label="pd=0, id=0"];
  2 [label="pd=0, id=0"];
  3 [label="pd=0, id=1"];
  4 [label="pd=1, id=1"];
  5 [label="pd=1, id=0"];
  6 [label="pd=0, id=3"];
  7 [label="pd=1, id=1"];
  8 [label="pd=3, id=0"];
  9 [label="pd=0, id=3"];
  10 [label="pd=1, id=1"];
  11 [label="pd=1, id=1"];
  12 [label="pd=3, id=0"];
  13 [label="pd=1, id=2"];
  14 [label="pd=2, id=1"];
  15 [label="pd=3, id=3"];
  16 [label="pd=1, id=3"];
  17 [label="pd=1, id=2"];
  18 [label="pd=3, id=1"];
  19 [label="pd=2, id=3"];
  20 [label="pd=2, id=1"];
  21 [label="pd=3, id=2"];
  1 -> 13;
  13 -> 2;
  2 -> 15;
  15 -> 2;
  2 -> 14;
  14 -> 2;
  2 -> 13;
  3 -> 10;
  10 -> 4;
  4 -> 11;
  11 -> 5;
  6 -> 16;
  6 -> 10;
  16 -> 7;
  10 -> 7;
  7 -> 18;
  7 -> 11;
  18 -> 8;
  11 -> 8;
  9 -> 3;
  9 -> 6;
  13 -> 21;
  13 -> 16;
  21 -> 15;
  16 -> 15;
  15 -> 19;
  15 -> 18;
  19 -> 14;
  18 -> 14;
  14 -> 17;
  14 -> 20;
  14 -> 1;
  5 -> 12;
  8 -> 12;
  8 -> 20;
  17 -> 13;
  17 -> 6;
  20 -> 13;
}

# --- AR-Quiver Analysis --- #
Projective modules found (Node IDs): [ 1, 3, 6, 9 ]
Injective modules found (Node IDs):  [ 1, 5, 8, 12 ]
AR strategy: hybrid bidirectional
IrrFrom calls: 37
IrrTo calls: 0
Mesh edges added: 23

# --- Quiver Q --- #
digraph Q {
  v1 [label="v1"];
  v2 [label="v2"];
  v3 [label="v3"];
  v4 [label="v4"];
  1 -> 2 [label="a"];
  1 -> 3 [label="c"];
  2 -> 4 [label="b"];
  3 -> 2 [label="e"];
  3 -> 4 [label="d"];
}

# --- Relations --- #
rel := [a*b-c*d,e*b,c*e];
QuiverStructure := "[12;34]";


digraph SyzygySummand {
  1 [label="[ 1, 1, 1, 1 ]"];
  2 [label="[ 0, 0, 0, 0 ]"];
  3 [label="[ 0, 1, 0, 1 ]"];
  4 [label="[ 0, 1, 1, 0 ]"];
  5 [label="[ 1, 0, 1, 0 ]"];
  6 [label="[ 0, 1, 1, 1 ]"];
  7 [label="[ 1, 2, 2, 1 ]"];
  8 [label="[ 1, 1, 1, 0 ]"];
  9 [label="[ 0, 0, 0, 1 ]"];
  10 [label="[ 0, 2, 1, 1 ]"];
  11 [label="[ 1, 1, 2, 0 ]"];
  12 [label="[ 1, 0, 0, 0 ]"];
  13 [label="[ 1, 1, 1, 0 ]"];
  14 [label="[ 0, 1, 1, 1 ]"];
  15 [label="[ 1, 1, 1, 1 ]"];
  16 [label="[ 1, 1, 2, 1 ]"];
  17 [label="[ 0, 1, 0, 0 ]"];
  18 [label="[ 1, 2, 1, 1 ]"];
  19 [label="[ 0, 0, 1, 1 ]"];
  20 [label="[ 0, 0, 1, 0 ]"];
  21 [label="[ 1, 1, 0, 0 ]"];
  4 -> 9;
  5 -> 3;
  7 -> 3;
  7 -> 9;
  8 -> 9;
  8 -> 14;
  10 -> 9;
  11 -> 3;
  11 -> 9;
  12 -> 14;
  13 -> 9;
  14 -> 9;
  14 -> 17;
  15 -> 14;
  16 -> 3;
  17 -> 9;
  18 -> 9;
  18 -> 14;
  19 -> 17;
  20 -> 9;
  20 -> 17;
  21 -> 19;
}


digraph CosyzygySummand {
  1 [label="[ 1, 1, 1, 1 ]"];
  2 [label="[ 0, 0, 0, 0 ]"];
  3 [label="[ 0, 1, 0, 1 ]"];
  4 [label="[ 0, 1, 1, 0 ]"];
  5 [label="[ 1, 0, 1, 0 ]"];
  6 [label="[ 0, 1, 1, 1 ]"];
  7 [label="[ 1, 2, 2, 1 ]"];
  8 [label="[ 1, 1, 1, 0 ]"];
  9 [label="[ 0, 0, 0, 1 ]"];
  10 [label="[ 0, 2, 1, 1 ]"];
  11 [label="[ 1, 1, 2, 0 ]"];
  12 [label="[ 1, 0, 0, 0 ]"];
  13 [label="[ 1, 1, 1, 0 ]"];
  14 [label="[ 0, 1, 1, 1 ]"];
  15 [label="[ 1, 1, 1, 1 ]"];
  16 [label="[ 1, 1, 2, 1 ]"];
  17 [label="[ 0, 1, 0, 0 ]"];
  18 [label="[ 1, 2, 1, 1 ]"];
  19 [label="[ 0, 0, 1, 1 ]"];
  20 [label="[ 0, 0, 1, 0 ]"];
  21 [label="[ 1, 1, 0, 0 ]"];
  1 -> 1;
  3 -> 1;
  4 -> 8;
  5 -> 5;
  6 -> 1;
  6 -> 8;
  7 -> 1;
  7 -> 5;
  7 -> 8;
  8 -> 8;
  9 -> 1;
  10 -> 1;
  10 -> 8;
  11 -> 5;
  11 -> 8;
  12 -> 12;
  13 -> 5;
  13 -> 8;
  14 -> 1;
  15 -> 1;
  15 -> 8;
  16 -> 1;
  16 -> 5;
  16 -> 8;
  17 -> 8;
  18 -> 1;
  18 -> 8;
  19 -> 1;
  20 -> 5;
  21 -> 8;
}
TopSoc := [ [ 1, [ 1 ], [ 4 ] ], [ 2, [  ], [  ] ], [ 3, [ 2 ], [ 4 ] ], 
  [ 4, [ 3 ], [ 2 ] ], [ 5, [ 1 ], [ 3 ] ], [ 6, [ 3 ], [ 2, 4 ] ], 
  [ 7, [ 1, 2, 3 ], [ 2, 3, 4 ] ], [ 8, [ 1, 3 ], [ 2 ] ], 
  [ 9, [ 4 ], [ 4 ] ], [ 10, [ 2, 3 ], [ 2, 4 ] ], [ 11, [ 1, 3 ], [ 2, 3 ] ],
  [ 12, [ 1 ], [ 1 ] ], [ 13, [ 1 ], [ 2, 3 ] ], [ 14, [ 2, 3 ], [ 4 ] ], 
  [ 15, [ 1, 3 ], [ 2, 4 ] ], [ 16, [ 1, 3 ], [ 2, 3, 4 ] ], 
  [ 17, [ 2 ], [ 2 ] ], [ 18, [ 1, 2, 3 ], [ 2, 4 ] ], [ 19, [ 3 ], [ 4 ] ], 
  [ 20, [ 3 ], [ 3 ] ], [ 21, [ 1 ], [ 2 ] ] ];


digraph TranslationQuiver {
  1 [label="[ 1, 1, 1, 1 ]"];
  2 [label="[ 0, 0, 0, 0 ]"];
  3 [label="[ 0, 1, 0, 1 ]"];
  4 [label="[ 0, 1, 1, 0 ]"];
  5 [label="[ 1, 0, 1, 0 ]"];
  6 [label="[ 0, 1, 1, 1 ]"];
  7 [label="[ 1, 2, 2, 1 ]"];
  8 [label="[ 1, 1, 1, 0 ]"];
  9 [label="[ 0, 0, 0, 1 ]"];
  10 [label="[ 0, 2, 1, 1 ]"];
  11 [label="[ 1, 1, 2, 0 ]"];
  12 [label="[ 1, 0, 0, 0 ]"];
  13 [label="[ 1, 1, 1, 0 ]"];
  14 [label="[ 0, 1, 1, 1 ]"];
  15 [label="[ 1, 1, 1, 1 ]"];
  16 [label="[ 1, 1, 2, 1 ]"];
  17 [label="[ 0, 1, 0, 0 ]"];
  18 [label="[ 1, 2, 1, 1 ]"];
  19 [label="[ 0, 0, 1, 1 ]"];
  20 [label="[ 0, 0, 1, 0 ]"];
  21 [label="[ 1, 1, 0, 0 ]"];
  1 -> 2;
  2 -> 2;
  3 -> 2;
  4 -> 3;
  5 -> 4;
  6 -> 2;
  7 -> 6;
  8 -> 7;
  9 -> 2;
  10 -> 9;
  11 -> 10;
  12 -> 11;
  13 -> 14;
  14 -> 15;
  15 -> 13;
  16 -> 17;
  17 -> 19;
  18 -> 16;
  19 -> 21;
  20 -> 18;
  21 -> 20;
}

Torsionless modules found (Node IDs): [ 2, 14, 17, 19 ]
Reflexive modules found (Node IDs):  [ 2, 17 ]
Gorenstein projective modules found (Node IDs): [  ]
Gorenstein injective modules found (Node IDs):  [  ]


digraph HomDim {
  1 [label="[ 1, 1, 1, 1 ]"];
  2 [label="[ 0, 0, 0, 0 ]"];
  3 [label="[ 0, 1, 0, 1 ]"];
  4 [label="[ 0, 1, 1, 0 ]"];
  5 [label="[ 1, 0, 1, 0 ]"];
  6 [label="[ 0, 1, 1, 1 ]"];
  7 [label="[ 1, 2, 2, 1 ]"];
  8 [label="[ 1, 1, 1, 0 ]"];
  9 [label="[ 0, 0, 0, 1 ]"];
  10 [label="[ 0, 2, 1, 1 ]"];
  11 [label="[ 1, 1, 2, 0 ]"];
  12 [label="[ 1, 0, 0, 0 ]"];
  13 [label="[ 1, 1, 1, 0 ]"];
  14 [label="[ 0, 1, 1, 1 ]"];
  15 [label="[ 1, 1, 1, 1 ]"];
  16 [label="[ 1, 1, 2, 1 ]"];
  17 [label="[ 0, 1, 0, 0 ]"];
  18 [label="[ 1, 2, 1, 1 ]"];
  19 [label="[ 0, 0, 1, 1 ]"];
  20 [label="[ 0, 0, 1, 0 ]"];
  21 [label="[ 1, 1, 0, 0 ]"];
  1 -> 1 [label="1"];
  1 -> 5 [label="1"];
  1 -> 7 [label="1"];
  1 -> 8 [label="1"];
  1 -> 11 [label="1"];
  1 -> 12 [label="1"];
  1 -> 13 [label="1"];
  1 -> 15 [label="1"];
  1 -> 16 [label="1"];
  1 -> 18 [label="1"];
  1 -> 21 [label="1"];
  3 -> 1 [label="1"];
  3 -> 3 [label="1"];
  3 -> 4 [label="1"];
  3 -> 6 [label="1"];
  3 -> 7 [label="2"];
  3 -> 8 [label="1"];
  3 -> 10 [label="2"];
  3 -> 11 [label="1"];
  3 -> 13 [label="1"];
  3 -> 14 [label="1"];
  3 -> 15 [label="1"];
  3 -> 16 [label="1"];
  3 -> 17 [label="1"];
  3 -> 18 [label="2"];
  3 -> 21 [label="1"];
  4 -> 4 [label="1"];
  4 -> 5 [label="1"];
  4 -> 7 [label="1"];
  4 -> 8 [label="1"];
  4 -> 11 [label="2"];
  4 -> 13 [label="1"];
  4 -> 16 [label="1"];
  4 -> 20 [label="1"];
  5 -> 5 [label="1"];
  5 -> 12 [label="1"];
  6 -> 1 [label="1"];
  6 -> 4 [label="1"];
  6 -> 5 [label="1"];
  6 -> 6 [label="1"];
  6 -> 7 [label="2"];
  6 -> 8 [label="1"];
  6 -> 10 [label="1"];
  6 -> 11 [label="2"];
  6 -> 13 [label="1"];
  6 -> 14 [label="1"];
  6 -> 15 [label="1"];
  6 -> 16 [label="2"];
  6 -> 18 [label="1"];
  6 -> 19 [label="1"];
  6 -> 20 [label="1"];
  7 -> 1 [label="1"];
  7 -> 4 [label="1"];
  7 -> 5 [label="2"];
  7 -> 6 [label="1"];
  7 -> 7 [label="3"];
  7 -> 8 [label="2"];
  7 -> 10 [label="1"];
  7 -> 11 [label="3"];
  7 -> 12 [label="1"];
  7 -> 13 [label="2"];
  7 -> 14 [label="1"];
  7 -> 15 [label="1"];
  7 -> 16 [label="2"];
  7 -> 17 [label="1"];
  7 -> 18 [label="2"];
  7 -> 20 [label="1"];
  7 -> 21 [label="1"];
  8 -> 5 [label="1"];
  8 -> 7 [label="1"];
  8 -> 8 [label="1"];
  8 -> 11 [label="1"];
  8 -> 12 [label="1"];
  8 -> 13 [label="1"];
  8 -> 16 [label="1"];
  8 -> 20 [label="1"];
  9 -> 1 [label="1"];
  9 -> 3 [label="1"];
  9 -> 6 [label="1"];
  9 -> 7 [label="1"];
  9 -> 9 [label="1"];
  9 -> 10 [label="1"];
  9 -> 14 [label="1"];
  9 -> 15 [label="1"];
  9 -> 16 [label="1"];
  9 -> 18 [label="1"];
  9 -> 19 [label="1"];
  10 -> 1 [label="1"];
  10 -> 4 [label="2"];
  10 -> 5 [label="1"];
  10 -> 6 [label="1"];
  10 -> 7 [label="3"];
  10 -> 8 [label="2"];
  10 -> 10 [label="2"];
  10 -> 11 [label="3"];
  10 -> 13 [label="2"];
  10 -> 14 [label="1"];
  10 -> 15 [label="1"];
  10 -> 16 [label="2"];
  10 -> 17 [label="1"];
  10 -> 18 [label="2"];
  10 -> 20 [label="1"];
  10 -> 21 [label="1"];
  11 -> 5 [label="2"];
  11 -> 7 [label="1"];
  11 -> 8 [label="1"];
  11 -> 11 [label="2"];
  11 -> 12 [label="1"];
  11 -> 13 [label="1"];
  11 -> 16 [label="1"];
  11 -> 20 [label="1"];
  12 -> 12 [label="1"];
  13 -> 5 [label="1"];
  13 -> 7 [label="1"];
  13 -> 8 [label="1"];
  13 -> 11 [label="1"];
  13 -> 12 [label="1"];
  13 -> 13 [label="1"];
  13 -> 15 [label="1"];
  13 -> 16 [label="1"];
  13 -> 18 [label="1"];
  13 -> 21 [label="1"];
  14 -> 1 [label="1"];
  14 -> 4 [label="1"];
  14 -> 5 [label="1"];
  14 -> 6 [label="1"];
  14 -> 7 [label="2"];
  14 -> 8 [label="1"];
  14 -> 10 [label="1"];
  14 -> 11 [label="2"];
  14 -> 13 [label="2"];
  14 -> 14 [label="1"];
  14 -> 15 [label="1"];
  14 -> 16 [label="2"];
  14 -> 17 [label="1"];
  14 -> 18 [label="1"];
  14 -> 20 [label="1"];
  14 -> 21 [label="1"];
  15 -> 1 [label="1"];
  15 -> 5 [label="1"];
  15 -> 7 [label="1"];
  15 -> 8 [label="1"];
  15 -> 11 [label="1"];
  15 -> 12 [label="1"];
  15 -> 13 [label="1"];
  15 -> 14 [label="1"];
  15 -> 15 [label="1"];
  15 -> 16 [label="1"];
  15 -> 18 [label="1"];
  15 -> 19 [label="1"];
  15 -> 20 [label="1"];
  16 -> 1 [label="1"];
  16 -> 5 [label="2"];
  16 -> 7 [label="2"];
  16 -> 8 [label="1"];
  16 -> 11 [label="2"];
  16 -> 12 [label="1"];
  16 -> 13 [label="1"];
  16 -> 14 [label="1"];
  16 -> 15 [label="1"];
  16 -> 16 [label="2"];
  16 -> 18 [label="1"];
  16 -> 19 [label="1"];
  16 -> 20 [label="1"];
  17 -> 4 [label="1"];
  17 -> 6 [label="1"];
  17 -> 7 [label="1"];
  17 -> 8 [label="1"];
  17 -> 10 [label="1"];
  17 -> 11 [label="1"];
  17 -> 13 [label="1"];
  17 -> 15 [label="1"];
  17 -> 16 [label="1"];
  17 -> 17 [label="1"];
  17 -> 18 [label="1"];
  17 -> 21 [label="1"];
  18 -> 1 [label="1"];
  18 -> 4 [label="1"];
  18 -> 5 [label="1"];
  18 -> 6 [label="1"];
  18 -> 7 [label="2"];
  18 -> 8 [label="2"];
  18 -> 10 [label="1"];
  18 -> 11 [label="2"];
  18 -> 12 [label="1"];
  18 -> 13 [label="2"];
  18 -> 14 [label="1"];
  18 -> 15 [label="1"];
  18 -> 16 [label="2"];
  18 -> 17 [label="1"];
  18 -> 18 [label="2"];
  18 -> 20 [label="1"];
  18 -> 21 [label="1"];
  19 -> 1 [label="1"];
  19 -> 5 [label="1"];
  19 -> 7 [label="1"];
  19 -> 11 [label="1"];
  19 -> 13 [label="1"];
  19 -> 14 [label="1"];
  19 -> 16 [label="1"];
  19 -> 19 [label="1"];
  19 -> 20 [label="1"];
  20 -> 5 [label="1"];
  20 -> 7 [label="1"];
  20 -> 11 [label="1"];
  20 -> 13 [label="1"];
  20 -> 16 [label="1"];
  20 -> 20 [label="1"];
  21 -> 8 [label="1"];
  21 -> 12 [label="1"];
  21 -> 15 [label="1"];
  21 -> 18 [label="1"];
  21 -> 21 [label="1"];
}


digraph ExtDim {
  1 [label="[ 1, 1, 1, 1 ]"];
  2 [label="[ 0, 0, 0, 0 ]"];
  3 [label="[ 0, 1, 0, 1 ]"];
  4 [label="[ 0, 1, 1, 0 ]"];
  5 [label="[ 1, 0, 1, 0 ]"];
  6 [label="[ 0, 1, 1, 1 ]"];
  7 [label="[ 1, 2, 2, 1 ]"];
  8 [label="[ 1, 1, 1, 0 ]"];
  9 [label="[ 0, 0, 0, 1 ]"];
  10 [label="[ 0, 2, 1, 1 ]"];
  11 [label="[ 1, 1, 2, 0 ]"];
  12 [label="[ 1, 0, 0, 0 ]"];
  13 [label="[ 1, 1, 1, 0 ]"];
  14 [label="[ 0, 1, 1, 1 ]"];
  15 [label="[ 1, 1, 1, 1 ]"];
  16 [label="[ 1, 1, 2, 1 ]"];
  17 [label="[ 0, 1, 0, 0 ]"];
  18 [label="[ 1, 2, 1, 1 ]"];
  19 [label="[ 0, 0, 1, 1 ]"];
  20 [label="[ 0, 0, 1, 0 ]"];
  21 [label="[ 1, 1, 0, 0 ]"];
  4 -> 3 [label="1"];
  4 -> 9 [label="1"];
  5 -> 3 [label="1"];
  5 -> 4 [label="1"];
  5 -> 6 [label="1"];
  5 -> 7 [label="1"];
  5 -> 10 [label="2"];
  5 -> 14 [label="1"];
  5 -> 17 [label="1"];
  5 -> 18 [label="1"];
  7 -> 3 [label="1"];
  7 -> 6 [label="1"];
  7 -> 7 [label="1"];
  7 -> 9 [label="1"];
  7 -> 10 [label="1"];
  7 -> 14 [label="1"];
  7 -> 17 [label="1"];
  7 -> 18 [label="1"];
  8 -> 3 [label="1"];
  8 -> 6 [label="1"];
  8 -> 7 [label="1"];
  8 -> 9 [label="1"];
  8 -> 10 [label="1"];
  8 -> 13 [label="1"];
  8 -> 14 [label="1"];
  8 -> 16 [label="1"];
  8 -> 17 [label="1"];
  8 -> 20 [label="1"];
  10 -> 9 [label="1"];
  11 -> 3 [label="2"];
  11 -> 6 [label="1"];
  11 -> 7 [label="1"];
  11 -> 9 [label="1"];
  11 -> 10 [label="2"];
  11 -> 14 [label="1"];
  11 -> 17 [label="1"];
  11 -> 18 [label="1"];
  12 -> 4 [label="1"];
  12 -> 6 [label="1"];
  12 -> 7 [label="1"];
  12 -> 10 [label="1"];
  12 -> 11 [label="1"];
  12 -> 13 [label="1"];
  12 -> 14 [label="1"];
  12 -> 16 [label="1"];
  12 -> 17 [label="1"];
  12 -> 20 [label="1"];
  13 -> 3 [label="1"];
  13 -> 6 [label="1"];
  13 -> 7 [label="1"];
  13 -> 9 [label="1"];
  13 -> 10 [label="1"];
  13 -> 14 [label="1"];
  13 -> 15 [label="1"];
  13 -> 16 [label="1"];
  13 -> 18 [label="1"];
  13 -> 19 [label="1"];
  14 -> 6 [label="1"];
  14 -> 9 [label="1"];
  14 -> 13 [label="1"];
  14 -> 15 [label="1"];
  14 -> 16 [label="1"];
  14 -> 17 [label="1"];
  14 -> 21 [label="1"];
  15 -> 13 [label="1"];
  15 -> 14 [label="1"];
  15 -> 17 [label="1"];
  15 -> 20 [label="1"];
  16 -> 3 [label="1"];
  16 -> 7 [label="1"];
  16 -> 10 [label="1"];
  16 -> 14 [label="1"];
  16 -> 17 [label="1"];
  16 -> 18 [label="1"];
  17 -> 6 [label="1"];
  17 -> 9 [label="1"];
  17 -> 15 [label="1"];
  17 -> 16 [label="1"];
  17 -> 19 [label="1"];
  18 -> 6 [label="1"];
  18 -> 9 [label="1"];
  18 -> 13 [label="1"];
  18 -> 14 [label="1"];
  18 -> 16 [label="1"];
  18 -> 17 [label="1"];
  18 -> 20 [label="1"];
  19 -> 13 [label="1"];
  19 -> 17 [label="1"];
  19 -> 21 [label="1"];
  20 -> 3 [label="1"];
  20 -> 6 [label="1"];
  20 -> 7 [label="1"];
  20 -> 9 [label="1"];
  20 -> 10 [label="1"];
  20 -> 13 [label="1"];
  20 -> 15 [label="1"];
  20 -> 16 [label="1"];
  20 -> 17 [label="1"];
  20 -> 18 [label="1"];
  20 -> 21 [label="1"];
  21 -> 14 [label="1"];
  21 -> 19 [label="1"];
  21 -> 20 [label="1"];
}

# --- TiltingModule --- #
L := [ 1,6,9,16 ]
F := [ 2,17 ]
T := [ 1,2,4,5,6,8,9,11,12,13,15,16,19,20,21 ]
L := [ 1,3,6,10 ]
F := [ 2,9 ]
T := [ 1,2,3,4,5,6,7,8,10,11,12,13,14,15,16,17,18,19,20,21 ]
Split
L := [ 1,4,6,10 ]
F := [ 2,3,9 ]
T := [ 1,2,4,5,6,7,8,10,11,12,13,14,15,16,17,18,19,20,21 ]
Split
L := [ 1,4,6,16 ]
F := [ 2,3,9,17 ]
T := [ 1,2,4,5,6,8,11,12,13,15,16,19,20,21 ]
L := [ 1,4,8,11 ]
F := [ 2,3,6,9,10,14,17,19 ]
T := [ 1,2,4,5,8,11,12,13,20,21 ]
L := [ 1,5,8,11 ]
F := [ 2,3,4,6,9,10,14,17,19 ]
T := [ 1,2,5,8,11,12,13,20,21 ]
L := [ 1,4,8,18 ]
F := [ 2,3,9,19 ]
T := [ 1,2,4,5,7,8,10,11,12,13,14,17,18,20,21 ]
L := [ 1,5,9,16 ]
F := [ 2,4,17 ]
T := [ 1,2,5,8,9,11,12,13,15,16,19,20,21 ]
L := [ 1,4,11,13 ]
F := [ 2,3,6,9,10,14,17,19 ]
T := [ 1,2,4,5,8,11,12,13,20,21 ]
L := [ 1,5,11,13 ]
F := [ 2,3,4,6,9,10,14,17,19 ]
T := [ 1,2,5,8,11,12,13,20,21 ]
L := [ 1,4,13,17 ]
F := [ 2,3,9,14,19 ]
T := [ 1,2,4,5,8,11,12,13,17,20,21 ]
L := [ 1,3,10,14 ]
F := [ 2,9,19 ]
T := [ 1,2,3,4,5,7,8,10,11,12,13,14,17,18,20,21 ]
L := [ 1,4,10,14 ]
F := [ 2,3,9,19 ]
T := [ 1,2,4,5,7,8,10,11,12,13,14,17,18,20,21 ]
L := [ 1,4,14,20 ]
F := [ 2,3,9,19 ]
T := [ 1,2,4,5,7,8,10,11,12,13,14,17,18,20,21 ]
L := [ 1,4,11,16 ]
F := [ 2,3,6,9,10,17 ]
T := [ 1,2,4,5,8,11,12,13,15,16,19,20,21 ]
L := [ 1,5,11,16 ]
F := [ 2,3,4,6,9,10,17 ]
T := [ 1,2,5,8,11,12,13,15,16,19,20,21 ]
L := [ 1,3,10,17 ]
F := [ 2,9,19 ]
T := [ 1,2,3,4,5,7,8,10,11,12,13,14,17,18,20,21 ]
L := [ 1,4,10,17 ]
F := [ 2,3,9,19 ]
T := [ 1,2,4,5,7,8,10,11,12,13,14,17,18,20,21 ]
L := [ 1,3,10,18 ]
F := [ 2,9,19 ]
T := [ 1,2,3,4,5,7,8,10,11,12,13,14,17,18,20,21 ]
L := [ 1,4,10,18 ]
F := [ 2,3,9,19 ]
T := [ 1,2,4,5,7,8,10,11,12,13,14,17,18,20,21 ]
L := [ 1,4,11,20 ]
F := [ 2,3,6,9,10,14,17,19 ]
T := [ 1,2,4,5,8,11,12,13,20,21 ]
L := [ 1,5,11,20 ]
F := [ 2,3,4,6,9,10,14,17,19 ]
T := [ 1,2,5,8,11,12,13,20,21 ]

# --- TorsionPairTable --- #
# columns: T,F
T := [ 1,3,4,5,6,7,8,9,10,11,12,13,14,15,16,17,18,19,20,21 ] | F := 0
T := [ 1,3,4,5,6,7,8,10,11,12,13,14,15,16,17,18,19,20,21 ] | F := [ 9 ]
T := [ 1,3,4,5,7,8,10,11,12,13,14,17,18,20,21 ] | F := [ 9,19 ]
T := [ 1,3,5,9,12,13,17,21 ] | F := [ 20 ]
T := [ 1,3,5,12,13,17,21 ] | F := [ 9,19,20 ]
T := [ 1,4,5,6,7,8,10,11,12,13,14,15,16,17,18,19,20,21 ] | F := [ 3,9 ]
T := [ 1,4,5,6,8,9,11,12,13,15,16,19,20,21 ] | F := [ 17 ]
T := [ 1,4,5,6,8,11,12,13,15,16,19,20,21 ] | F := [ 3,9,17 ]
T := [ 1,4,5,7,8,10,11,12,13,14,17,18,20,21 ] | F := [ 3,9,19 ]
T := [ 1,4,5,8,11,12,13,15,16,19,20,21 ] | F := [ 3,6,9,10,17 ]
T := [ 1,4,5,8,11,12,13,17,20,21 ] | F := [ 3,9,14,19 ]
T := [ 1,4,5,8,11,12,13,20,21 ] | F := [ 3,6,9,10,14,17,19 ]
T := [ 1,5,8,9,11,12,13,15,16,19,20,21 ] | F := [ 4,17 ]
T := [ 1,5,8,11,12,13,15,16,19,20,21 ] | F := [ 3,4,6,9,10,17 ]
T := [ 1,5,8,11,12,13,20,21 ] | F := [ 3,4,6,9,10,14,17,19 ]
T := [ 1,5,9,12,13,21 ] | F := [ 4,17,20 ]
T := [ 1,5,12,13,17,21 ] | F := [ 3,9,14,19,20 ]
T := [ 1,5,12,13,21 ] | F := [ 3,4,6,9,10,14,17,19,20 ]
T := 0 | F := [ 1,3,4,5,6,7,8,9,10,11,12,13,14,15,16,17,18,19,20,21 ]
T := [ 3,4,6,9,10,14,17,19,20 ] | F := [ 12 ]
T := [ 3,4,6,10,14,17,19,20 ] | F := [ 9,12 ]
T := [ 3,4,10,14,17,20 ] | F := [ 9,12,19 ]
T := [ 3,9,12,17,21 ] | F := [ 5,20 ]
T := [ 3,9,17 ] | F := [ 5,12,20 ]
T := [ 3,12,17,21 ] | F := [ 5,9,19,20 ]
T := [ 3,17 ] | F := [ 5,9,12,19,20 ]
T := [ 4,5,6,8,9,11,12,15,16,19,20 ] | F := [ 17,21 ]
T := [ 4,5,6,8,11,12,15,16,19,20 ] | F := [ 3,9,17,21 ]
T := [ 4,5,8,11,12,13,17,20,21 ] | F := [ 1,3,9,14,19 ]
T := [ 4,5,8,11,12,13,20,21 ] | F := [ 1,3,6,9,10,14,17,19 ]
T := [ 4,5,8,11,12,15,16,19,20 ] | F := [ 3,6,9,10,17,21 ]
T := [ 4,5,8,11,12,19,20 ] | F := [ 3,6,9,10,15,17,18,21 ]
T := [ 4,5,8,11,12,20 ] | F := [ 1,3,6,9,10,14,15,17,18,19,21 ]
T := [ 4,6,9,19,20 ] | F := [ 12,17,21 ]
T := [ 4,6,10,14,17,19,20 ] | F := [ 3,9,12 ]
T := [ 4,6,19,20 ] | F := [ 3,9,12,17,21 ]
T := [ 4,10,14,17,20 ] | F := [ 3,9,12,19 ]
T := [ 4,17,20 ] | F := [ 1,3,9,12,14,19 ]
T := [ 4,19,20 ] | F := [ 3,6,9,10,12,15,17,18,21 ]
T := [ 4,20 ] | F := [ 1,3,6,9,10,12,14,15,17,18,19,21 ]
T := [ 5,8,9,11,12,15,16,19,20 ] | F := [ 4,17,21 ]
T := [ 5,8,11,12,13,20,21 ] | F := [ 1,3,4,6,9,10,14,17,19 ]
T := [ 5,8,11,12,15,16,19,20 ] | F := [ 3,4,6,9,10,17,21 ]
T := [ 5,8,11,12,19,20 ] | F := [ 3,4,6,9,10,15,17,18,21 ]
T := [ 5,8,11,12,20 ] | F := [ 1,3,4,6,9,10,14,15,17,18,19,21 ]
T := [ 5,9,12 ] | F := [ 4,8,11,13,17,20,21 ]
T := [ 5,9,12,19,20 ] | F := [ 4,8,17,21 ]
T := [ 5,9,12,21 ] | F := [ 4,11,13,17,20 ]
T := [ 5,12 ] | F := [ 1,3,4,6,7,8,9,10,11,13,14,15,16,17,18,19,20,21 ]
T := [ 5,12,13,17,21 ] | F := [ 1,3,9,14,19,20 ]
T := [ 5,12,13,21 ] | F := [ 1,3,4,6,9,10,14,17,19,20 ]
T := [ 5,12,19,20 ] | F := [ 3,4,6,8,9,10,15,17,18,21 ]
T := [ 5,12,20 ] | F := [ 1,3,4,6,8,9,10,14,15,17,18,19,21 ]
T := [ 5,12,21 ] | F := [ 1,3,4,6,7,9,10,11,13,14,16,17,19,20 ]
T := [ 9 ] | F := [ 4,5,8,11,12,13,17,20,21 ]
T := [ 9,12 ] | F := [ 4,5,8,11,13,17,20,21 ]
T := [ 9,12,21 ] | F := [ 4,5,11,13,17,20 ]
T := [ 9,19,20 ] | F := [ 4,8,12,17,21 ]
T := [ 12 ] | F := [ 1,3,4,5,6,7,8,9,10,11,13,14,15,16,17,18,19,20,21 ]
T := [ 12,17,21 ] | F := [ 1,3,5,9,14,19,20 ]
T := [ 12,21 ] | F := [ 1,3,4,5,6,7,9,10,11,13,14,16,17,19,20 ]
T := [ 17 ] | F := [ 1,3,5,9,12,14,19,20 ]
T := [ 19,20 ] | F := [ 3,4,6,8,9,10,12,15,17,18,21 ]
T := [ 20 ] | F := [ 1,3,4,6,8,9,10,12,14,15,17,18,19,21 ]
TorsionPairCount := 64;

# --- CotorsionPairTable --- #
# columns: L,R,Hereditary
L := [ 1,3,4,5,6,7,8,9,10,11,12,13,14,15,16,17,18,19,20,21 ] | R := [ 1,5,8,12\
 ] | Hereditary := true
L := [ 1,3,4,5,6,7,8,9,10,11,12,13,15,16,17,18,21 ] | R := [ 1,5,8,12,21 ] | H\
ereditary := false
L := [ 1,3,4,5,6,7,8,9,10,11,12,14,15,16,18,19,20 ] | R := [ 1,5,8,12,19 ] | H\
ereditary := false
L := [ 1,3,4,5,6,7,8,9,10,11,12,15,16,18 ] | R := [ 1,5,8,12,15,19,21 ] | Here\
ditary := false
L := [ 1,3,4,5,6,7,8,9,10,11,12,15,16,18,19 ] | R := [ 1,5,8,12,15,19 ] | Here\
ditary := false
L := [ 1,3,4,5,6,7,8,9,10,11,12,15,16,18,19,21 ] | R := [ 1,5,8,12,15 ] | Here\
ditary := false
L := [ 1,3,4,5,6,7,8,9,10,11,12,15,16,18,21 ] | R := [ 1,5,8,12,15,21 ] | Here\
ditary := false
L := [ 1,3,4,5,6,7,8,9,10,11,13,14,15,16,17,18,19,20,21 ] | R := [ 1,5,8,11,12\
 ] | Hereditary := true
L := [ 1,3,4,5,6,7,8,9,10,11,13,15,16,17,18,21 ] | R := [ 1,5,8,11,12,21 ] | H\
ereditary := false
L := [ 1,3,4,5,6,7,8,9,10,11,14,15,16,18,19,20 ] | R := [ 1,5,8,11,12,19 ] | H\
ereditary := false
L := [ 1,3,4,5,6,7,8,9,10,11,15,16,18 ] | R := [ 1,5,8,11,12,15,19,21 ] | Here\
ditary := false
L := [ 1,3,4,5,6,7,8,9,10,11,15,16,18,19 ] | R := [ 1,5,8,11,12,15,19 ] | Here\
ditary := false
L := [ 1,3,4,5,6,7,8,9,10,11,15,16,18,19,21 ] | R := [ 1,5,8,11,12,15 ] | Here\
ditary := false
L := [ 1,3,4,5,6,7,8,9,10,11,15,16,18,21 ] | R := [ 1,5,8,11,12,15,21 ] | Here\
ditary := false
L := [ 1,3,4,5,6,7,9,10,11,13,14,16,17,19,20 ] | R := [ 1,5,8,11,12,20 ] | Her\
editary := true
L := [ 1,3,4,5,6,7,9,10,11,13,16,17 ] | R := [ 1,5,8,11,12,13,20,21 ] | Heredi\
tary := true
L := [ 1,3,4,5,6,7,9,10,11,13,16,17,21 ] | R := [ 1,5,8,11,12,13,21 ] | Heredi\
tary := false
L := [ 1,3,4,5,6,7,9,10,11,14,16,19,20 ] | R := [ 1,5,8,11,12,19,20 ] | Heredi\
tary := false
L := [ 1,3,4,5,6,7,9,10,11,15,16 ] | R := [ 1,5,8,11,12,15,16,19,21 ] | Heredi\
tary := false
L := [ 1,3,4,5,6,7,9,10,11,15,16,19 ] | R := [ 1,5,8,11,12,15,16,19 ] | Heredi\
tary := false
L := [ 1,3,4,5,6,7,9,10,11,15,16,19,21 ] | R := [ 1,5,8,11,12,15,16 ] | Heredi\
tary := false
L := [ 1,3,4,5,6,7,9,10,11,15,16,21 ] | R := [ 1,5,8,11,12,15,16,21 ] | Heredi\
tary := false
L := [ 1,3,4,5,6,7,9,10,11,16 ] | R := [ 1,5,8,11,12,13,15,16,19,20,21 ] | Her\
editary := true
L := [ 1,3,4,5,6,7,9,10,11,16,19 ] | R := [ 1,5,8,11,12,15,16,19,20 ] | Heredi\
tary := false
L := [ 1,3,4,5,6,7,9,10,11,16,21 ] | R := [ 1,5,8,11,12,13,15,16,21 ] | Heredi\
tary := false
L := [ 1,3,4,6,7,8,9,10,11,13,14,15,16,17,18,19,20,21 ] | R := [ 1,4,5,8,11,12\
 ] | Hereditary := true
L := [ 1,3,4,6,7,8,9,10,11,13,15,16,17,18,21 ] | R := [ 1,4,5,8,11,12,21 ] | H\
ereditary := false
L := [ 1,3,4,6,7,8,9,10,11,14,15,16,18,19,20 ] | R := [ 1,4,5,8,11,12,19 ] | H\
ereditary := false
L := [ 1,3,4,6,7,8,9,10,11,15,16,18 ] | R := [ 1,4,5,8,11,12,15,19,21 ] | Here\
ditary := false
L := [ 1,3,4,6,7,8,9,10,11,15,16,18,19 ] | R := [ 1,4,5,8,11,12,15,19 ] | Here\
ditary := false
L := [ 1,3,4,6,7,8,9,10,11,15,16,18,19,21 ] | R := [ 1,4,5,8,11,12,15 ] | Here\
ditary := false
L := [ 1,3,4,6,7,8,9,10,11,15,16,18,21 ] | R := [ 1,4,5,8,11,12,15,21 ] | Here\
ditary := false
L := [ 1,3,4,6,7,9,10,11,13,14,16,17,19,20 ] | R := [ 1,4,5,8,11,12,20 ] | Her\
editary := true
L := [ 1,3,4,6,7,9,10,11,13,16,17 ] | R := [ 1,4,5,8,11,12,13,20,21 ] | Heredi\
tary := true
L := [ 1,3,4,6,7,9,10,11,13,16,17,21 ] | R := [ 1,4,5,8,11,12,13,21 ] | Heredi\
tary := false
L := [ 1,3,4,6,7,9,10,11,14,16,19,20 ] | R := [ 1,4,5,8,11,12,19,20 ] | Heredi\
tary := false
L := [ 1,3,4,6,7,9,10,11,15,16 ] | R := [ 1,4,5,8,11,12,15,16,19,21 ] | Heredi\
tary := false
L := [ 1,3,4,6,7,9,10,11,15,16,19 ] | R := [ 1,4,5,8,11,12,15,16,19 ] | Heredi\
tary := false
L := [ 1,3,4,6,7,9,10,11,15,16,19,21 ] | R := [ 1,4,5,8,11,12,15,16 ] | Heredi\
tary := false
L := [ 1,3,4,6,7,9,10,11,15,16,21 ] | R := [ 1,4,5,8,11,12,15,16,21 ] | Heredi\
tary := false
L := [ 1,3,4,6,7,9,10,11,16 ] | R := [ 1,4,5,8,11,12,13,15,16,19,20,21 ] | Her\
editary := true
L := [ 1,3,4,6,7,9,10,11,16,19 ] | R := [ 1,4,5,8,11,12,15,16,19,20 ] | Heredi\
tary := false
L := [ 1,3,4,6,7,9,10,11,16,21 ] | R := [ 1,4,5,8,11,12,13,15,16,21 ] | Heredi\
tary := false
L := [ 1,3,4,6,8,9,10,12,14,15,17,18,19,21 ] | R := [ 1,5,8,12,18 ] | Heredita\
ry := true
L := [ 1,3,4,6,8,9,10,12,14,15,18,19 ] | R := [ 1,5,8,12,18,19 ] | Hereditary \
:= false
L := [ 1,3,4,6,8,9,10,12,15,17,18,21 ] | R := [ 1,5,8,12,18,21 ] | Hereditary \
:= false
L := [ 1,3,4,6,8,9,10,12,15,18 ] | R := [ 1,5,8,12,15,18,19,21 ] | Hereditary \
:= false
L := [ 1,3,4,6,8,9,10,12,15,18,19 ] | R := [ 1,5,8,12,15,18,19 ] | Hereditary \
:= false
L := [ 1,3,4,6,8,9,10,12,15,18,19,21 ] | R := [ 1,5,8,12,15,18 ] | Hereditary \
:= false
L := [ 1,3,4,6,8,9,10,12,15,18,21 ] | R := [ 1,5,8,12,15,18,21 ] | Hereditary \
:= false
L := [ 1,3,4,6,8,9,10,14,15,17,18,19,21 ] | R := [ 1,4,5,8,11,12,18 ] | Heredi\
tary := true
L := [ 1,3,4,6,8,9,10,14,15,18,19 ] | R := [ 1,4,5,8,11,12,18,19 ] | Hereditar\
y := false
L := [ 1,3,4,6,8,9,10,15,17,18,21 ] | R := [ 1,4,5,8,11,12,18,21 ] | Hereditar\
y := false
L := [ 1,3,4,6,8,9,10,15,18 ] | R := [ 1,4,5,8,11,12,15,18,19,21 ] | Hereditar\
y := false
L := [ 1,3,4,6,8,9,10,15,18,19 ] | R := [ 1,4,5,8,11,12,15,18,19 ] | Hereditar\
y := false
L := [ 1,3,4,6,8,9,10,15,18,19,21 ] | R := [ 1,4,5,8,11,12,15,18 ] | Hereditar\
y := false
L := [ 1,3,4,6,8,9,10,15,18,21 ] | R := [ 1,4,5,8,11,12,15,18,21 ] | Hereditar\
y := false
L := [ 1,3,4,6,9,10 ] | R := [ 1,4,5,6,7,8,10,11,12,13,14,15,16,17,18,19,20,21\
 ] | Hereditary := true
L := [ 1,3,4,6,9,10,13,17 ] | R := [ 1,4,5,8,11,12,13,17,20,21 ] | Hereditary \
:= true
L := [ 1,3,4,6,9,10,13,17,21 ] | R := [ 1,4,5,8,11,12,13,17,21 ] | Hereditary \
:= false
L := [ 1,3,4,6,9,10,14,15,17,18,19,21 ] | R := [ 1,4,5,7,8,10,11,12,18 ] | Her\
editary := true
L := [ 1,3,4,6,9,10,14,15,18,19 ] | R := [ 1,4,5,7,8,10,11,12,18,19 ] | Heredi\
tary := false
L := [ 1,3,4,6,9,10,14,17,19 ] | R := [ 1,4,5,7,8,10,11,12,14,18,20 ] | Heredi\
tary := true
L := [ 1,3,4,6,9,10,14,17,19,20 ] | R := [ 1,4,5,8,11,12,14,20 ] | Hereditary \
:= true
L := [ 1,3,4,6,9,10,14,19 ] | R := [ 1,4,5,7,8,10,11,12,14,18,19,20 ] | Heredi\
tary := false
L := [ 1,3,4,6,9,10,14,19,20 ] | R := [ 1,4,5,8,11,12,14,19,20 ] | Hereditary \
:= false
L := [ 1,3,4,6,9,10,15 ] | R := [ 1,4,5,6,7,8,10,11,12,15,16,18,19,21 ] | Here\
ditary := false
L := [ 1,3,4,6,9,10,15,16 ] | R := [ 1,4,5,6,8,11,12,15,16,19,21 ] | Hereditar\
y := false
L := [ 1,3,4,6,9,10,15,16,19 ] | R := [ 1,4,5,6,8,11,12,15,16,19 ] | Hereditar\
y := false
L := [ 1,3,4,6,9,10,15,16,19,21 ] | R := [ 1,4,5,6,8,11,12,15,16 ] | Hereditar\
y := false
L := [ 1,3,4,6,9,10,15,16,21 ] | R := [ 1,4,5,6,8,11,12,15,16,21 ] | Hereditar\
y := false
L := [ 1,3,4,6,9,10,15,17,18,21 ] | R := [ 1,4,5,7,8,10,11,12,18,21 ] | Heredi\
tary := false
L := [ 1,3,4,6,9,10,15,18 ] | R := [ 1,4,5,7,8,10,11,12,15,18,19,21 ] | Heredi\
tary := false
L := [ 1,3,4,6,9,10,15,18,19 ] | R := [ 1,4,5,7,8,10,11,12,15,18,19 ] | Heredi\
tary := false
L := [ 1,3,4,6,9,10,15,18,19,21 ] | R := [ 1,4,5,7,8,10,11,12,15,18 ] | Heredi\
tary := false
L := [ 1,3,4,6,9,10,15,18,21 ] | R := [ 1,4,5,7,8,10,11,12,15,18,21 ] | Heredi\
tary := false
L := [ 1,3,4,6,9,10,15,19 ] | R := [ 1,4,5,6,7,8,10,11,12,15,16,18,19 ] | Here\
ditary := false
L := [ 1,3,4,6,9,10,15,19,21 ] | R := [ 1,4,5,6,7,8,10,11,12,15,16,18 ] | Here\
ditary := false
L := [ 1,3,4,6,9,10,15,21 ] | R := [ 1,4,5,6,7,8,10,11,12,15,16,18,21 ] | Here\
ditary := false
L := [ 1,3,4,6,9,10,16 ] | R := [ 1,4,5,6,8,11,12,13,15,16,19,20,21 ] | Heredi\
tary := true
L := [ 1,3,4,6,9,10,16,19 ] | R := [ 1,4,5,6,8,11,12,15,16,19,20 ] | Hereditar\
y := false
L := [ 1,3,4,6,9,10,16,21 ] | R := [ 1,4,5,6,8,11,12,13,15,16,21 ] | Hereditar\
y := false
L := [ 1,3,4,6,9,10,17 ] | R := [ 1,4,5,7,8,10,11,12,13,14,17,18,20,21 ] | Her\
editary := true
L := [ 1,3,4,6,9,10,17,21 ] | R := [ 1,4,5,7,8,10,11,12,13,17,18,21 ] | Heredi\
tary := false
L := [ 1,3,4,6,9,10,19 ] | R := [ 1,4,5,6,7,8,10,11,12,14,15,16,18,19,20 ] | H\
ereditary := false
L := [ 1,3,4,6,9,10,21 ] | R := [ 1,4,5,6,7,8,10,11,12,13,15,16,17,18,21 ] | H\
ereditary := false
L := [ 1,3,5,6,9,12,15,16 ] | R := [ 1,5,8,9,12,15,19,21 ] | Hereditary := fal\
se
L := [ 1,3,5,6,9,12,15,16,19 ] | R := [ 1,5,8,9,12,15,19 ] | Hereditary := fal\
se
L := [ 1,3,5,6,9,12,15,16,19,21 ] | R := [ 1,5,8,9,12,15 ] | Hereditary := fal\
se
L := [ 1,3,5,6,9,12,15,16,21 ] | R := [ 1,5,8,9,12,15,21 ] | Hereditary := fal\
se
L := [ 1,3,5,6,9,15,16 ] | R := [ 1,5,8,9,11,12,15,16,19,21 ] | Hereditary := \
false
L := [ 1,3,5,6,9,15,16,19 ] | R := [ 1,5,8,9,11,12,15,16,19 ] | Hereditary := \
false
L := [ 1,3,5,6,9,15,16,19,21 ] | R := [ 1,5,8,9,11,12,15,16 ] | Hereditary := \
false
L := [ 1,3,5,6,9,15,16,21 ] | R := [ 1,5,8,9,11,12,15,16,21 ] | Hereditary := \
false
L := [ 1,3,5,6,9,16 ] | R := [ 1,5,8,9,11,12,13,15,16,19,20,21 ] | Hereditary \
:= true
L := [ 1,3,5,6,9,16,19 ] | R := [ 1,5,8,9,11,12,15,16,19,20 ] | Hereditary := \
false
L := [ 1,3,5,6,9,16,21 ] | R := [ 1,5,8,9,11,12,13,15,16,21 ] | Hereditary := \
false
L := [ 1,3,6,9 ] | R := [ 1,3,4,5,6,7,8,9,10,11,12,13,14,15,16,17,18,19,20,21 \
] | Hereditary := true
L := [ 1,3,6,9,10 ] | R := [ 1,3,4,5,6,7,8,10,11,12,13,14,15,16,17,18,19,20,21\
 ] | Hereditary := true
L := [ 1,3,6,9,10,12,14,15,17,18,19,21 ] | R := [ 1,3,5,8,12,18 ] | Hereditary\
 := true
L := [ 1,3,6,9,10,12,14,15,18,19 ] | R := [ 1,3,5,8,12,18,19 ] | Hereditary :=\
 false
L := [ 1,3,6,9,10,12,15,17,18,21 ] | R := [ 1,3,5,8,12,18,21 ] | Hereditary :=\
 false
L := [ 1,3,6,9,10,12,15,18 ] | R := [ 1,3,5,8,12,15,18,19,21 ] | Hereditary :=\
 false
L := [ 1,3,6,9,10,12,15,18,19 ] | R := [ 1,3,5,8,12,15,18,19 ] | Hereditary :=\
 false
L := [ 1,3,6,9,10,12,15,18,19,21 ] | R := [ 1,3,5,8,12,15,18 ] | Hereditary :=\
 false
L := [ 1,3,6,9,10,12,15,18,21 ] | R := [ 1,3,5,8,12,15,18,21 ] | Hereditary :=\
 false
L := [ 1,3,6,9,10,14,15,17,18,19,21 ] | R := [ 1,3,4,5,7,8,10,11,12,18 ] | Her\
editary := true
L := [ 1,3,6,9,10,14,15,18,19 ] | R := [ 1,3,4,5,7,8,10,11,12,18,19 ] | Heredi\
tary := false
L := [ 1,3,6,9,10,14,17,19 ] | R := [ 1,3,4,5,7,8,10,11,12,14,18,20 ] | Heredi\
tary := true
L := [ 1,3,6,9,10,14,19 ] | R := [ 1,3,4,5,7,8,10,11,12,14,18,19,20 ] | Heredi\
tary := false
L := [ 1,3,6,9,10,15 ] | R := [ 1,3,4,5,6,7,8,10,11,12,15,16,18,19,21 ] | Here\
ditary := false
L := [ 1,3,6,9,10,15,17,18,21 ] | R := [ 1,3,4,5,7,8,10,11,12,18,21 ] | Heredi\
tary := false
L := [ 1,3,6,9,10,15,18 ] | R := [ 1,3,4,5,7,8,10,11,12,15,18,19,21 ] | Heredi\
tary := false
L := [ 1,3,6,9,10,15,18,19 ] | R := [ 1,3,4,5,7,8,10,11,12,15,18,19 ] | Heredi\
tary := false
L := [ 1,3,6,9,10,15,18,19,21 ] | R := [ 1,3,4,5,7,8,10,11,12,15,18 ] | Heredi\
tary := false
L := [ 1,3,6,9,10,15,18,21 ] | R := [ 1,3,4,5,7,8,10,11,12,15,18,21 ] | Heredi\
tary := false
L := [ 1,3,6,9,10,15,19 ] | R := [ 1,3,4,5,6,7,8,10,11,12,15,16,18,19 ] | Here\
ditary := false
L := [ 1,3,6,9,10,15,19,21 ] | R := [ 1,3,4,5,6,7,8,10,11,12,15,16,18 ] | Here\
ditary := false
L := [ 1,3,6,9,10,15,21 ] | R := [ 1,3,4,5,6,7,8,10,11,12,15,16,18,21 ] | Here\
ditary := false
L := [ 1,3,6,9,10,17 ] | R := [ 1,3,4,5,7,8,10,11,12,13,14,17,18,20,21 ] | Her\
editary := true
L := [ 1,3,6,9,10,17,21 ] | R := [ 1,3,4,5,7,8,10,11,12,13,17,18,21 ] | Heredi\
tary := false
L := [ 1,3,6,9,10,19 ] | R := [ 1,3,4,5,6,7,8,10,11,12,14,15,16,18,19,20 ] | H\
ereditary := false
L := [ 1,3,6,9,10,21 ] | R := [ 1,3,4,5,6,7,8,10,11,12,13,15,16,17,18,21 ] | H\
ereditary := false
L := [ 1,3,6,9,12,15 ] | R := [ 1,3,5,8,9,12,15,18,19,21 ] | Hereditary := fal\
se
L := [ 1,3,6,9,12,15,19 ] | R := [ 1,3,5,8,9,12,15,18,19 ] | Hereditary := fal\
se
L := [ 1,3,6,9,12,15,19,21 ] | R := [ 1,3,5,8,9,12,15,18 ] | Hereditary := fal\
se
L := [ 1,3,6,9,12,15,21 ] | R := [ 1,3,5,8,9,12,15,18,21 ] | Hereditary := fal\
se
L := [ 1,3,6,9,15 ] | R := [ 1,3,4,5,6,7,8,9,10,11,12,15,16,18,19,21 ] | Hered\
itary := false
L := [ 1,3,6,9,15,16 ] | R := [ 1,4,5,6,8,9,11,12,15,16,19,21 ] | Hereditary :\
= false
L := [ 1,3,6,9,15,16,19 ] | R := [ 1,4,5,6,8,9,11,12,15,16,19 ] | Hereditary :\
= false
L := [ 1,3,6,9,15,16,19,21 ] | R := [ 1,4,5,6,8,9,11,12,15,16 ] | Hereditary :\
= false
L := [ 1,3,6,9,15,16,21 ] | R := [ 1,4,5,6,8,9,11,12,15,16,21 ] | Hereditary :\
= false
L := [ 1,3,6,9,15,19 ] | R := [ 1,3,4,5,6,7,8,9,10,11,12,15,16,18,19 ] | Hered\
itary := false
L := [ 1,3,6,9,15,19,21 ] | R := [ 1,3,4,5,6,7,8,9,10,11,12,15,16,18 ] | Hered\
itary := false
L := [ 1,3,6,9,15,21 ] | R := [ 1,3,4,5,6,7,8,9,10,11,12,15,16,18,21 ] | Hered\
itary := false
L := [ 1,3,6,9,16 ] | R := [ 1,4,5,6,8,9,11,12,13,15,16,19,20,21 ] | Hereditar\
y := true
L := [ 1,3,6,9,16,19 ] | R := [ 1,4,5,6,8,9,11,12,15,16,19,20 ] | Hereditary :\
= false
L := [ 1,3,6,9,16,21 ] | R := [ 1,4,5,6,8,9,11,12,13,15,16,21 ] | Hereditary :\
= false
L := [ 1,3,6,9,19 ] | R := [ 1,3,4,5,6,7,8,9,10,11,12,14,15,16,18,19,20 ] | He\
reditary := false
L := [ 1,3,6,9,21 ] | R := [ 1,3,4,5,6,7,8,9,10,11,12,13,15,16,17,18,21 ] | He\
reditary := false
CotorsionPairCount := 140;

# --- SupportTauTiltingTable --- #
# columns: P,M
P := 0 | M := [ 1,3,6,9 ]
P := 0 | M := [ 1,3,6,10 ]
P := 0 | M := [ 1,3,9,21 ]
P := 0 | M := [ 1,3,10,17 ]
P := 0 | M := [ 1,3,17,21 ]
P := 0 | M := [ 1,4,6,10 ]
P := 0 | M := [ 1,4,6,16 ]
P := 0 | M := [ 1,4,10,17 ]
P := 0 | M := [ 1,4,11,13 ]
P := 0 | M := [ 1,4,11,16 ]
P := 0 | M := [ 1,4,13,17 ]
P := 0 | M := [ 1,5,9,16 ]
P := 0 | M := [ 1,5,9,21 ]
P := 0 | M := [ 1,5,11,13 ]
P := 0 | M := [ 1,5,11,16 ]
P := 0 | M := [ 1,5,13,21 ]
P := 0 | M := [ 1,6,9,16 ]
P := 0 | M := [ 1,13,17,21 ]
P := 0 | M := [ 4,6,16,19 ]
P := 0 | M := [ 4,11,16,19 ]
P := 0 | M := [ 4,11,19,20 ]
P := 0 | M := [ 5,9,12,21 ]
P := 0 | M := [ 5,9,16,19 ]
P := 0 | M := [ 5,11,16,19 ]
P := 0 | M := [ 5,11,19,20 ]
P := 0 | M := [ 6,9,16,19 ]
P := [ 1 ] | M := [ 3,6,9 ]
P := [ 1 ] | M := [ 3,6,10 ]
P := [ 1 ] | M := [ 3,10,17 ]
P := [ 1 ] | M := [ 4,6,10 ]
P := [ 1 ] | M := [ 4,6,19 ]
P := [ 1 ] | M := [ 4,10,17 ]
P := [ 1 ] | M := [ 4,19,20 ]
P := [ 1 ] | M := [ 6,9,19 ]
P := [ 1,3 ] | M := [ 9,19 ]
P := [ 1,3 ] | M := [ 19,20 ]
P := [ 1,3,6 ] | M := [ 9 ]
P := [ 1,3,6,9 ] | M := 0
P := [ 1,3,9 ] | M := [ 20 ]
P := [ 1,6 ] | M := [ 3,9 ]
P := [ 1,6 ] | M := [ 3,17 ]
P := [ 1,6,9 ] | M := [ 17 ]
P := [ 1,9 ] | M := [ 4,17 ]
P := [ 1,9 ] | M := [ 4,20 ]
P := [ 3 ] | M := [ 5,9,12 ]
P := [ 3 ] | M := [ 5,9,19 ]
P := [ 3 ] | M := [ 5,19,20 ]
P := [ 3,6 ] | M := [ 9,12 ]
P := [ 3,6,9 ] | M := [ 12 ]
P := [ 3,9 ] | M := [ 5,12 ]
P := [ 3,9 ] | M := [ 5,20 ]
P := [ 6 ] | M := [ 3,9,21 ]
P := [ 6 ] | M := [ 3,17,21 ]
P := [ 6 ] | M := [ 9,12,21 ]
P := [ 6,9 ] | M := [ 12,21 ]
P := [ 6,9 ] | M := [ 17,21 ]
P := [ 9 ] | M := [ 4,11,13 ]
P := [ 9 ] | M := [ 4,11,20 ]
P := [ 9 ] | M := [ 4,13,17 ]
P := [ 9 ] | M := [ 5,11,13 ]
P := [ 9 ] | M := [ 5,11,20 ]
P := [ 9 ] | M := [ 5,12,21 ]
P := [ 9 ] | M := [ 5,13,21 ]
P := [ 9 ] | M := [ 13,17,21 ]
SupportTauTiltingCount := 64;

# --- AlmostSupportTauTiltingTable --- #
# columns: P,M
P := 0 | M := [ 1,3,6 ]
P := 0 | M := [ 1,3,9 ]
P := 0 | M := [ 1,3,10 ]
P := 0 | M := [ 1,3,17 ]
P := 0 | M := [ 1,3,21 ]
P := 0 | M := [ 1,4,6 ]
P := 0 | M := [ 1,4,10 ]
P := 0 | M := [ 1,4,11 ]
P := 0 | M := [ 1,4,13 ]
P := 0 | M := [ 1,4,16 ]
P := 0 | M := [ 1,4,17 ]
P := 0 | M := [ 1,5,9 ]
P := 0 | M := [ 1,5,11 ]
P := 0 | M := [ 1,5,13 ]
P := 0 | M := [ 1,5,16 ]
P := 0 | M := [ 1,5,21 ]
P := 0 | M := [ 1,6,9 ]
P := 0 | M := [ 1,6,10 ]
P := 0 | M := [ 1,6,16 ]
P := 0 | M := [ 1,9,16 ]
P := 0 | M := [ 1,9,21 ]
P := 0 | M := [ 1,10,17 ]
P := 0 | M := [ 1,11,13 ]
P := 0 | M := [ 1,11,16 ]
P := 0 | M := [ 1,13,17 ]
P := 0 | M := [ 1,13,21 ]
P := 0 | M := [ 1,17,21 ]
P := 0 | M := [ 3,6,9 ]
P := 0 | M := [ 3,6,10 ]
P := 0 | M := [ 3,9,21 ]
P := 0 | M := [ 3,10,17 ]
P := 0 | M := [ 3,17,21 ]
P := 0 | M := [ 4,6,10 ]
P := 0 | M := [ 4,6,16 ]
P := 0 | M := [ 4,6,19 ]
P := 0 | M := [ 4,10,17 ]
P := 0 | M := [ 4,11,13 ]
P := 0 | M := [ 4,11,16 ]
P := 0 | M := [ 4,11,19 ]
P := 0 | M := [ 4,11,20 ]
P := 0 | M := [ 4,13,17 ]
P := 0 | M := [ 4,16,19 ]
P := 0 | M := [ 4,19,20 ]
P := 0 | M := [ 5,9,12 ]
P := 0 | M := [ 5,9,16 ]
P := 0 | M := [ 5,9,19 ]
P := 0 | M := [ 5,9,21 ]
P := 0 | M := [ 5,11,13 ]
P := 0 | M := [ 5,11,16 ]
P := 0 | M := [ 5,11,19 ]
P := 0 | M := [ 5,11,20 ]
P := 0 | M := [ 5,12,21 ]
P := 0 | M := [ 5,13,21 ]
P := 0 | M := [ 5,16,19 ]
P := 0 | M := [ 5,19,20 ]
P := 0 | M := [ 6,9,16 ]
P := 0 | M := [ 6,9,19 ]
P := 0 | M := [ 6,16,19 ]
P := 0 | M := [ 9,12,21 ]
P := 0 | M := [ 9,16,19 ]
P := 0 | M := [ 11,16,19 ]
P := 0 | M := [ 11,19,20 ]
P := 0 | M := [ 13,17,21 ]
P := [ 1 ] | M := [ 3,6 ]
P := [ 1 ] | M := [ 3,9 ]
P := [ 1 ] | M := [ 3,10 ]
P := [ 1 ] | M := [ 3,17 ]
P := [ 1 ] | M := [ 4,6 ]
P := [ 1 ] | M := [ 4,10 ]
P := [ 1 ] | M := [ 4,17 ]
P := [ 1 ] | M := [ 4,19 ]
P := [ 1 ] | M := [ 4,20 ]
P := [ 1 ] | M := [ 6,9 ]
P := [ 1 ] | M := [ 6,10 ]
P := [ 1 ] | M := [ 6,19 ]
P := [ 1 ] | M := [ 9,19 ]
P := [ 1 ] | M := [ 10,17 ]
P := [ 1 ] | M := [ 19,20 ]
P := [ 1,3 ] | M := [ 9 ]
P := [ 1,3 ] | M := [ 19 ]
P := [ 1,3 ] | M := [ 20 ]
P := [ 1,3,6 ] | M := 0
P := [ 1,3,9 ] | M := 0
P := [ 1,6 ] | M := [ 3 ]
P := [ 1,6 ] | M := [ 9 ]
P := [ 1,6 ] | M := [ 17 ]
P := [ 1,6,9 ] | M := 0
P := [ 1,9 ] | M := [ 4 ]
P := [ 1,9 ] | M := [ 17 ]
P := [ 1,9 ] | M := [ 20 ]
P := [ 3 ] | M := [ 5,9 ]
P := [ 3 ] | M := [ 5,12 ]
P := [ 3 ] | M := [ 5,19 ]
P := [ 3 ] | M := [ 5,20 ]
P := [ 3 ] | M := [ 9,12 ]
P := [ 3 ] | M := [ 9,19 ]
P := [ 3 ] | M := [ 19,20 ]
P := [ 3,6 ] | M := [ 9 ]
P := [ 3,6 ] | M := [ 12 ]
P := [ 3,6,9 ] | M := 0
P := [ 3,9 ] | M := [ 5 ]
P := [ 3,9 ] | M := [ 12 ]
P := [ 3,9 ] | M := [ 20 ]
P := [ 6 ] | M := [ 3,9 ]
P := [ 6 ] | M := [ 3,17 ]
P := [ 6 ] | M := [ 3,21 ]
P := [ 6 ] | M := [ 9,12 ]
P := [ 6 ] | M := [ 9,21 ]
P := [ 6 ] | M := [ 12,21 ]
P := [ 6 ] | M := [ 17,21 ]
P := [ 6,9 ] | M := [ 12 ]
P := [ 6,9 ] | M := [ 17 ]
P := [ 6,9 ] | M := [ 21 ]
P := [ 9 ] | M := [ 4,11 ]
P := [ 9 ] | M := [ 4,13 ]
P := [ 9 ] | M := [ 4,17 ]
P := [ 9 ] | M := [ 4,20 ]
P := [ 9 ] | M := [ 5,11 ]
P := [ 9 ] | M := [ 5,12 ]
P := [ 9 ] | M := [ 5,13 ]
P := [ 9 ] | M := [ 5,20 ]
P := [ 9 ] | M := [ 5,21 ]
P := [ 9 ] | M := [ 11,13 ]
P := [ 9 ] | M := [ 11,20 ]
P := [ 9 ] | M := [ 12,21 ]
P := [ 9 ] | M := [ 13,17 ]
P := [ 9 ] | M := [ 13,21 ]
P := [ 9 ] | M := [ 17,21 ]
AlmostSupportTauTiltingCount := 128;
PDID := [ [ 1, 0, 0 ], [ 2, 0, 0 ], [ 3, 0, 1 ], [ 4, 1, 1 ], [ 5, 1, 0 ], 
  [ 6, 0, 3 ], [ 7, 1, 1 ], [ 8, 3, 0 ], [ 9, 0, 3 ], [ 10, 1, 1 ], 
  [ 11, 1, 1 ], [ 12, 3, 0 ], [ 13, 1, 2 ], [ 14, 2, 1 ], [ 15, 3, 3 ], 
  [ 16, 1, 3 ], [ 17, 1, 2 ], [ 18, 3, 1 ], [ 19, 2, 3 ], [ 20, 2, 1 ], 
  [ 21, 3, 2 ] ];
